

Should be empty: 
Should show: Dialog is Hello World