!!!ERROR!!!

Error {
    kind: InvalidOperation,
    detail: "number is not iterable",
    name: "err_bad_filter.txt",
    line: 1,
}

invalid operation: number is not iterable (in err_bad_filter.txt:1)
----------------------------- err_bad_filter.txt ------------------------------
   1 > {% for item in 42|slice(4) %}
     i                   ^^^^^^^^ invalid operation
   2 |   - {{ item }}
   3 | {% endfor %}
~~~~~~~~~~~~~~~~~~~~~~~~~~~~~~~~~~~~~~~~~~~~~~~~~~~~~~~~~~~~~~~~~~~~~~~~~~~~~~~
No referenced variables
-------------------------------------------------------------------------------

