!!!ERROR!!!

Error {
    kind: InvalidOperation,
    detail: "no parent block exists",
    name: "err_no_super_block.txt",
    line: 3,
}

invalid operation: no parent block exists (in err_no_super_block.txt:3)
--------------------------- err_no_super_block.txt ----------------------------
   1 | {% block body %}
   2 |   There is no super block.
   3 >   {{ super() }}
     i      ^^^^^^^ invalid operation
   4 | {% endblock %}
~~~~~~~~~~~~~~~~~~~~~~~~~~~~~~~~~~~~~~~~~~~~~~~~~~~~~~~~~~~~~~~~~~~~~~~~~~~~~~~
No referenced variables
-------------------------------------------------------------------------------

