'foo
'hello'
'hello'
'hello'

hello world
hello
world

