!!!ERROR!!!

Error {
    kind: TemplateNotFound,
    detail: "tried to include non-existing template \"missing_template.txt\"",
    name: "include_missing.txt",
    line: 2,
}

template not found: tried to include non-existing template "missing_template.txt" (in include_missing.txt:2)
----------------------------- include_missing.txt -----------------------------
   1 | Before
   2 > {% include template %}
     i    ^^^^^^^^^^^^^^^^ template not found
   3 | After
~~~~~~~~~~~~~~~~~~~~~~~~~~~~~~~~~~~~~~~~~~~~~~~~~~~~~~~~~~~~~~~~~~~~~~~~~~~~~~~
Referenced variables: {
    template: "missing_template.txt",
}
-------------------------------------------------------------------------------

