
- 2 (1 / 5)
- 4 (2 / 5)
- 6 (3 / 5)
- 8 (4 / 5)
- 10 (5 / 5)

