should be -2.5: -2.5
should be -3.0: -3.0
should be 2.0: 2.0
should be 2: 2
should be 0: 0
should be 0: 0
should be -1: -1