["Two"]
["One", "Three"]
["Three"]
["Two", "Three"]
["One"]
["One", "Two"]
["One", "Three"]