Err(
    Error {
        kind: SyntaxError,
        detail: "unexpected identifier, expected end of block",
        name: "err_open_block.txt",
        line: 1,
    },
)
