Err(
    Error {
        kind: SyntaxError,
        detail: "unexpected end of input, expected end of variable block",
        name: "err_open_variable_block.txt",
        line: 1,
    },
)
