TemplateData("{foo} foo {bar}\n")
  "{foo} foo {bar}\n"
